Archive member included to satisfy reference by file (symbol)

D:/STMicroelectronics/STM32Cube/STM32CubeIDE_1.19.0/STM32CubeIDE/plugins/com.st.stm32cube.ide.mcu.externaltools.gnu-tools-for-stm32.13.3.rel1.win32_1.0.0.202411081344/tools/bin/../lib/gcc/arm-none-eabi/13.3.1/../../../../arm-none-eabi/lib/thumb/v7-m/nofp\libc_nano.a(libc_a-exit.o)
                              D:/STMicroelectronics/STM32Cube/STM32CubeIDE_1.19.0/STM32CubeIDE/plugins/com.st.stm32cube.ide.mcu.externaltools.gnu-tools-for-stm32.13.3.rel1.win32_1.0.0.202411081344/tools/bin/../lib/gcc/arm-none-eabi/13.3.1/../../../../arm-none-eabi/lib/thumb/v7-m/nofp/crt0.o (exit)
D:/STMicroelectronics/STM32Cube/STM32CubeIDE_1.19.0/STM32CubeIDE/plugins/com.st.stm32cube.ide.mcu.externaltools.gnu-tools-for-stm32.13.3.rel1.win32_1.0.0.202411081344/tools/bin/../lib/gcc/arm-none-eabi/13.3.1/../../../../arm-none-eabi/lib/thumb/v7-m/nofp\libc_nano.a(libc_a-findfp.o)
                              D:/STMicroelectronics/STM32Cube/STM32CubeIDE_1.19.0/STM32CubeIDE/plugins/com.st.stm32cube.ide.mcu.externaltools.gnu-tools-for-stm32.13.3.rel1.win32_1.0.0.202411081344/tools/bin/../lib/gcc/arm-none-eabi/13.3.1/../../../../arm-none-eabi/lib/thumb/v7-m/nofp\libc_nano.a(libc_a-exit.o) (__stdio_exit_handler)
D:/STMicroelectronics/STM32Cube/STM32CubeIDE_1.19.0/STM32CubeIDE/plugins/com.st.stm32cube.ide.mcu.externaltools.gnu-tools-for-stm32.13.3.rel1.win32_1.0.0.202411081344/tools/bin/../lib/gcc/arm-none-eabi/13.3.1/../../../../arm-none-eabi/lib/thumb/v7-m/nofp\libc_nano.a(libc_a-fwalk.o)
                              D:/STMicroelectronics/STM32Cube/STM32CubeIDE_1.19.0/STM32CubeIDE/plugins/com.st.stm32cube.ide.mcu.externaltools.gnu-tools-for-stm32.13.3.rel1.win32_1.0.0.202411081344/tools/bin/../lib/gcc/arm-none-eabi/13.3.1/../../../../arm-none-eabi/lib/thumb/v7-m/nofp\libc_nano.a(libc_a-findfp.o) (_fwalk_sglue)
D:/STMicroelectronics/STM32Cube/STM32CubeIDE_1.19.0/STM32CubeIDE/plugins/com.st.stm32cube.ide.mcu.externaltools.gnu-tools-for-stm32.13.3.rel1.win32_1.0.0.202411081344/tools/bin/../lib/gcc/arm-none-eabi/13.3.1/../../../../arm-none-eabi/lib/thumb/v7-m/nofp\libc_nano.a(libc_a-stdio.o)
                              D:/STMicroelectronics/STM32Cube/STM32CubeIDE_1.19.0/STM32CubeIDE/plugins/com.st.stm32cube.ide.mcu.externaltools.gnu-tools-for-stm32.13.3.rel1.win32_1.0.0.202411081344/tools/bin/../lib/gcc/arm-none-eabi/13.3.1/../../../../arm-none-eabi/lib/thumb/v7-m/nofp\libc_nano.a(libc_a-findfp.o) (__sread)
D:/STMicroelectronics/STM32Cube/STM32CubeIDE_1.19.0/STM32CubeIDE/plugins/com.st.stm32cube.ide.mcu.externaltools.gnu-tools-for-stm32.13.3.rel1.win32_1.0.0.202411081344/tools/bin/../lib/gcc/arm-none-eabi/13.3.1/../../../../arm-none-eabi/lib/thumb/v7-m/nofp\libc_nano.a(libc_a-memset.o)
                              D:/STMicroelectronics/STM32Cube/STM32CubeIDE_1.19.0/STM32CubeIDE/plugins/com.st.stm32cube.ide.mcu.externaltools.gnu-tools-for-stm32.13.3.rel1.win32_1.0.0.202411081344/tools/bin/../lib/gcc/arm-none-eabi/13.3.1/../../../../arm-none-eabi/lib/thumb/v7-m/nofp/crt0.o (memset)
D:/STMicroelectronics/STM32Cube/STM32CubeIDE_1.19.0/STM32CubeIDE/plugins/com.st.stm32cube.ide.mcu.externaltools.gnu-tools-for-stm32.13.3.rel1.win32_1.0.0.202411081344/tools/bin/../lib/gcc/arm-none-eabi/13.3.1/../../../../arm-none-eabi/lib/thumb/v7-m/nofp\libc_nano.a(libc_a-closer.o)
                              D:/STMicroelectronics/STM32Cube/STM32CubeIDE_1.19.0/STM32CubeIDE/plugins/com.st.stm32cube.ide.mcu.externaltools.gnu-tools-for-stm32.13.3.rel1.win32_1.0.0.202411081344/tools/bin/../lib/gcc/arm-none-eabi/13.3.1/../../../../arm-none-eabi/lib/thumb/v7-m/nofp\libc_nano.a(libc_a-stdio.o) (_close_r)
D:/STMicroelectronics/STM32Cube/STM32CubeIDE_1.19.0/STM32CubeIDE/plugins/com.st.stm32cube.ide.mcu.externaltools.gnu-tools-for-stm32.13.3.rel1.win32_1.0.0.202411081344/tools/bin/../lib/gcc/arm-none-eabi/13.3.1/../../../../arm-none-eabi/lib/thumb/v7-m/nofp\libc_nano.a(libc_a-reent.o)
                              D:/STMicroelectronics/STM32Cube/STM32CubeIDE_1.19.0/STM32CubeIDE/plugins/com.st.stm32cube.ide.mcu.externaltools.gnu-tools-for-stm32.13.3.rel1.win32_1.0.0.202411081344/tools/bin/../lib/gcc/arm-none-eabi/13.3.1/../../../../arm-none-eabi/lib/thumb/v7-m/nofp\libc_nano.a(libc_a-closer.o) (errno)
D:/STMicroelectronics/STM32Cube/STM32CubeIDE_1.19.0/STM32CubeIDE/plugins/com.st.stm32cube.ide.mcu.externaltools.gnu-tools-for-stm32.13.3.rel1.win32_1.0.0.202411081344/tools/bin/../lib/gcc/arm-none-eabi/13.3.1/../../../../arm-none-eabi/lib/thumb/v7-m/nofp\libc_nano.a(libc_a-impure.o)
                              D:/STMicroelectronics/STM32Cube/STM32CubeIDE_1.19.0/STM32CubeIDE/plugins/com.st.stm32cube.ide.mcu.externaltools.gnu-tools-for-stm32.13.3.rel1.win32_1.0.0.202411081344/tools/bin/../lib/gcc/arm-none-eabi/13.3.1/../../../../arm-none-eabi/lib/thumb/v7-m/nofp\libc_nano.a(libc_a-reent.o) (_impure_ptr)
[...]
Memory Configuration

Name             Origin             Length             Attributes
RAM              0x20000000         0x00005000         xrw
FLASH            0x08000000         0x00010000         xr
*default*        0x00000000         0xffffffff

Linker script and memory map

LOAD D:/STMicroelectronics/STM32Cube/STM32CubeIDE_1.19.0/STM32CubeIDE/plugins/com.st.stm32cube.ide.mcu.externaltools.gnu-tools-for-stm32.13.3.rel1.win32_1.0.0.202411081344/tools/bin/../lib/gcc/arm-none-eabi/13.3.1/thumb/v7-m/nofp/crti.o
LOAD D:/STMicroelectronics/STM32Cube/STM32CubeIDE_1.19.0/STM32CubeIDE/plugins/com.st.stm32cube.ide.mcu.externaltools.gnu-tools-for-stm32.13.3.rel1.win32_1.0.0.202411081344/tools/bin/../lib/gcc/arm-none-eabi/13.3.1/thumb/v7-m/nofp/crtbegin.o
LOAD D:/STMicroelectronics/STM32Cube/STM32CubeIDE_1.19.0/STM32CubeIDE/plugins/com.st.stm32cube.ide.mcu.externaltools.gnu-tools-for-stm32.13.3.rel1.win32_1.0.0.202411081344/tools/bin/../lib/gcc/arm-none-eabi/13.3.1/../../../../arm-none-eabi/lib/thumb/v7-m/nofp/crt0.o
LOAD ./Core/Src/adc.o
LOAD ./Core/Src/gpio.o
LOAD ./Core/Src/ky040.o
LOAD ./Core/Src/ldr.o
LOAD ./Core/Src/main.o
LOAD ./Core/Src/mosfet.o
LOAD ./Core/Src/pir.o
LOAD ./Core/Src/sound.o
LOAD ./Core/Src/stm32f1xx_hal_msp.o
LOAD ./Core/Src/stm32f1xx_it.o
LOAD ./Core/Src/syscalls.o
LOAD ./Core/Src/sysmem.o
LOAD ./Core/Src/system_stm32f1xx.o
LOAD ./Core/Src/tim.o
LOAD ./Core/Startup/startup_stm32f103c8tx.o
LOAD ./Drivers/STM32F1xx_HAL_Driver/Src/stm32f1xx_hal.o
LOAD ./Drivers/STM32F1xx_HAL_Driver/Src/stm32f1xx_hal_adc.o
LOAD ./Drivers/STM32F1xx_HAL_Driver/Src/stm32f1xx_hal_adc_ex.o
LOAD ./Drivers/STM32F1xx_HAL_Driver/Src/stm32f1xx_hal_cortex.o
LOAD ./Drivers/STM32F1xx_HAL_Driver/Src/stm32f1xx_hal_dma.o
LOAD ./Drivers/STM32F1xx_HAL_Driver/Src/stm32f1xx_hal_exti.o
LOAD ./Drivers/STM32F1xx_HAL_Driver/Src/stm32f1xx_hal_flash.o
LOAD ./Drivers/STM32F1xx_HAL_Driver/Src/stm32f1xx_hal_flash_ex.o
LOAD ./Drivers/STM32F1xx_HAL_Driver/Src/stm32f1xx_hal_gpio.o
LOAD ./Drivers/STM32F1xx_HAL_Driver/Src/stm32f1xx_hal_gpio_ex.o
LOAD ./Drivers/STM32F1xx_HAL_Driver/Src/stm32f1xx_hal_pwr.o
LOAD ./Drivers/STM32F1xx_HAL_Driver/Src/stm32f1xx_hal_rcc.o
LOAD ./Drivers/STM32F1xx_HAL_Driver/Src/stm32f1xx_hal_rcc_ex.o
LOAD ./Drivers/STM32F1xx_HAL_Driver/Src/stm32f1xx_hal_tim.o
LOAD ./Drivers/STM32F1xx_HAL_Driver/Src/stm32f1xx_hal_tim_ex.o
START GROUP
LOAD D:/STMicroelectronics/STM32Cube/STM32CubeIDE_1.19.0/STM32CubeIDE/plugins/com.st.stm32cube.ide.mcu.externaltools.gnu-tools-for-stm32.13.3.rel1.win32_1.0.0.202411081344/tools/bin/../lib/gcc/arm-none-eabi/13.3.1/../../../../arm-none-eabi/lib/thumb/v7-m/nofp\libc_nano.a
LOAD D:/STMicroelectronics/STM32Cube/STM32CubeIDE_1.19.0/STM32CubeIDE/plugins/com.st.stm32cube.ide.mcu.externaltools.gnu-tools-for-stm32.13.3.rel1.win32_1.0.0.202411081344/tools/bin/../lib/gcc/arm-none-eabi/13.3.1/../../../../arm-none-eabi/lib/thumb/v7-m/nofp\libm.a
END GROUP
START GROUP
LOAD D:/STMicroelectronics/STM32Cube/STM32CubeIDE_1.19.0/STM32CubeIDE/plugins/com.st.stm32cube.ide.mcu.externaltools.gnu-tools-for-stm32.13.3.rel1.win32_1.0.0.202411081344/tools/bin/../lib/gcc/arm-none-eabi/13.3.1/thumb/v7-m/nofp\libgcc.a
LOAD D:/STMicroelectronics/STM32Cube/STM32CubeIDE_1.19.0/STM32CubeIDE/plugins/com.st.stm32cube.ide.mcu.externaltools.gnu-tools-for-stm32.13.3.rel1.win32_1.0.0.202411081344/tools/bin/../lib/gcc/arm-none-eabi/13.3.1/../../../../arm-none-eabi/lib/thumb/v7-m/nofp\libc_nano.a
END GROUP
START GROUP
LOAD D:/STMicroelectronics/STM32Cube/STM32CubeIDE_1.19.0/STM32CubeIDE/plugins/com.st.stm32cube.ide.mcu.externaltools.gnu-tools-for-stm32.13.3.rel1.win32_1.0.0.202411081344/tools/bin/../lib/gcc/arm-none-eabi/13.3.1/thumb/v7-m/nofp\libgcc.a
LOAD D:/STMicroelectronics/STM32Cube/STM32CubeIDE_1.19.0/STM32CubeIDE/plugins/com.st.stm32cube.ide.mcu.externaltools.gnu-tools-for-stm32.13.3.rel1.win32_1.0.0.202411081344/tools/bin/../lib/gcc/arm-none-eabi/13.3.1/../../../../arm-none-eabi/lib/thumb/v7-m/nofp\libc_nano.a
LOAD D:/STMicroelectronics/STM32Cube/STM32CubeIDE_1.19.0/STM32CubeIDE/plugins/com.st.stm32cube.ide.mcu.externaltools.gnu-tools-for-stm32.13.3.rel1.win32_1.0.0.202411081344/tools/bin/../lib/gcc/arm-none-eabi/13.3.1/../../../../arm-none-eabi/lib/thumb/v7-m/nofp\libnosys.a
END GROUP
START GROUP
LOAD D:/STMicroelectronics/STM32Cube/STM32CubeIDE_1.19.0/STM32CubeIDE/plugins/com.st.stm32cube.ide.mcu.externaltools.gnu-tools-for-stm32.13.3.rel1.win32_1.0.0.202411081344/tools/bin/../lib/gcc/arm-none-eabi/13.3.1/thumb/v7-m/nofp\libgcc.a
LOAD D:/STMicroelectronics/STM32Cube/STM32CubeIDE_1.19.0/STM32CubeIDE/plugins/com.st.stm32cube.ide.mcu.externaltools.gnu-tools-for-stm32.13.3.rel1.win32_1.0.0.202411081344/tools/bin/../lib/gcc/arm-none-eabi/13.3.1/../../../../arm-none-eabi/lib/thumb/v7-m/nofp\libc_nano.a
LOAD D:/STMicroelectronics/STM32Cube/STM32CubeIDE_1.19.0/STM32CubeIDE/plugins/com.st.stm32cube.ide.mcu.externaltools.gnu-tools-for-stm32.13.3.rel1.win32_1.0.0.202411081344/tools/bin/../lib/gcc/arm-none-eabi/13.3.1/../../../../arm-none-eabi/lib/thumb/v7-m/nofp\libnosys.a
END GROUP
LOAD D:/STMicroelectronics/STM32Cube/STM32CubeIDE_1.19.0/STM32CubeIDE/plugins/com.st.stm32cube.ide.mcu.externaltools.gnu-tools-for-stm32.13.3.rel1.win32_1.0.0.202411081344/tools/bin/../lib/gcc/arm-none-eabi/13.3.1/thumb/v7-m/nofp/crtend.o
LOAD D:/STMicroelectronics/STM32Cube/STM32CubeIDE_1.19.0/STM32CubeIDE/plugins/com.st.stm32cube.ide.mcu.externaltools.gnu-tools-for-stm32.13.3.rel1.win32_1.0.0.202411081344/tools/bin/../lib/gcc/arm-none-eabi/13.3.1/thumb/v7-m/nofp/crtn.o
                0x20005000                        _estack = (ORIGIN (RAM) + LENGTH (RAM))
                0x00000200                        _Min_Heap_Size = 0x200
                0x00000400                        _Min_Stack_Size = 0x400

.isr_vector     0x08000000      0x10c
                0x08000000                        . = ALIGN (0x4)
 *(.isr_vector)
 .isr_vector    0x08000000      0x10c ./Core/Startup/startup_stm32f103c8tx.o
                0x08000000                g_pfnVectors
                0x0800010c                        . = ALIGN (0x4)

.text           0x0800010c     0x3404
                0x0800010c                        . = ALIGN (0x4)
 *(.text)
 .text          0x0800010c       0x40 D:/STMicroelectronics/STM32Cube/STM32CubeIDE_1.19.0/STM32CubeIDE/plugins/com.st.stm32cube.ide.mcu.externaltools.gnu-tools-for-stm32.13.3.rel1.win32_1.0.0.202411081344/tools/bin/../lib/gcc/arm-none-eabi/13.3.1/thumb/v7-m/nofp/crtbegin.o
 *(.text*)
 .text.MX_ADC1_Init
                0x0800014c       0x7c ./Core/Src/adc.o
                0x0800014c                MX_ADC1_Init
 .text.HAL_ADC_MspInit
                0x080001c8       0x78 ./Core/Src/adc.o
                0x080001c8                HAL_ADC_MspInit
 .text.MX_GPIO_Init
                0x08000240       0xa4 ./Core/Src/gpio.o
                0x08000240                MX_GPIO_Init
 .text.KY040_Init
                0x080002e4       0x44 ./Core/Src/ky040.o
                0x080002e4                KY040_Init
 .text.KY040_Update
                0x08000328      0x100 ./Core/Src/ky040.o
                0x08000328                KY040_Update
 .text.KY040_Key
                0x08000428       0x88 ./Core/Src/ky040.o
                0x08000428                KY040_Key
 .text.LDR_Read
                0x080004b0       0x58 ./Core/Src/ldr.o
                0x080004b0                LDR_Read
 .text.LDR_ReadAverage
                0x08000508       0x4c ./Core/Src/ldr.o
                0x08000508                LDR_ReadAverage
 .text.LDR_ToPWM
                0x08000554       0x7c ./Core/Src/ldr.o
                0x08000554                LDR_ToPWM
 .text.main     0x080005d0      0x1e4 ./Core/Src/main.o
                0x080005d0                main
 .text.SystemClock_Config
                0x080007b4       0xb6 ./Core/Src/main.o
                0x080007b4                SystemClock_Config
 .text.Error_Handler
                0x0800086a        0xc ./Core/Src/main.o
                0x0800086a                Error_Handler
 *fill*         0x08000876        0x2 
 .text.MOSFET_Init
                0x08000878       0x14 ./Core/Src/mosfet.o
                0x08000878                MOSFET_Init
 .text.MOSFET_Update
                0x0800088c       0x20 ./Core/Src/mosfet.o
                0x0800088c                MOSFET_Update
 .text.PIR_Init
                0x080008ac       0x18 ./Core/Src/pir.o
                0x080008ac                PIR_Init
 .text.PIR_Read
                0x080008c4       0x20 ./Core/Src/pir.o
                0x080008c4                PIR_Read
 .text.PIR_IsDetected
                0x080008e4        0xe ./Core/Src/pir.o
                0x080008e4                PIR_IsDetected
 .text.Sound_Init
                0x080008f2        0xc ./Core/Src/sound.o
                0x080008f2                Sound_Init
 *fill*         0x080008fe        0x2 
 .text.Sound_Read
                0x08000900       0x20 ./Core/Src/sound.o
                0x08000900                Sound_Read
 .text.Sound_IsDetected
                0x08000920        0xe ./Core/Src/sound.o
                0x08000920                Sound_IsDetected
 *fill*         0x0800092e        0x2 
 .text.HAL_MspInit
                0x08000930       0x64 ./Core/Src/stm32f1xx_hal_msp.o
                0x08000930                HAL_MspInit
 .text.NMI_Handler
                0x08000994        0x8 ./Core/Src/stm32f1xx_it.o
                0x08000994                NMI_Handler
 .text.HardFault_Handler
                0x0800099c        0x8 ./Core/Src/stm32f1xx_it.o
                0x0800099c                HardFault_Handler
 .text.MemManage_Handler
                0x080009a4        0x8 ./Core/Src/stm32f1xx_it.o
                0x080009a4                MemManage_Handler
 .text.BusFault_Handler
                0x080009ac        0x8 ./Core/Src/stm32f1xx_it.o
                0x080009ac                BusFault_Handler
 .text.UsageFault_Handler
                0x080009b4        0x8 ./Core/Src/stm32f1xx_it.o
                0x080009b4                UsageFault_Handler
 .text.SVC_Handler
                0x080009bc        0xc ./Core/Src/stm32f1xx_it.o
                0x080009bc                SVC_Handler
 .text.DebugMon_Handler
                0x080009c8        0xc ./Core/Src/stm32f1xx_it.o
                0x080009c8                DebugMon_Handler
 .text.PendSV_Handler
                0x080009d4        0xc ./Core/Src/stm32f1xx_it.o
                0x080009d4                PendSV_Handler
 .text.SysTick_Handler
                0x080009e0        0xc ./Core/Src/stm32f1xx_it.o
                0x080009e0                SysTick_Handler
 .text.SystemInit
                0x080009ec        0xc ./Core/Src/system_stm32f1xx.o
                0x080009ec                SystemInit
 .text.MX_TIM1_Init
                0x080009f8       0xac ./Core/Src/tim.o
                0x080009f8                MX_TIM1_Init
 .text.MX_TIM2_Init
                0x08000aa4       0xe8 ./Core/Src/tim.o
                0x08000aa4                MX_TIM2_Init
 .text.HAL_TIM_Encoder_MspInit
                0x08000b8c       0x80 ./Core/Src/tim.o
                0x08000b8c                HAL_TIM_Encoder_MspInit
 .text.HAL_TIM_Base_MspInit
                0x08000c0c       0x38 ./Core/Src/tim.o
                0x08000c0c                HAL_TIM_Base_MspInit
 .text.HAL_TIM_MspPostInit
                0x08000c44       0x60 ./Core/Src/tim.o
                0x08000c44                HAL_TIM_MspPostInit
 .text.Reset_Handler
                0x08000ca4       0x48 ./Core/Startup/startup_stm32f103c8tx.o
                0x08000ca4                Reset_Handler
 .text.Default_Handler
                0x08000cec        0x2 ./Core/Startup/startup_stm32f103c8tx.o
                0x08000cec                RTC_Alarm_IRQHandler
                0x08000cec                EXTI2_IRQHandler
                0x08000cec                TIM1_CC_IRQHandler
                0x08000cec                PVD_IRQHandler
                0x08000cec                EXTI3_IRQHandler
                0x08000cec                EXTI0_IRQHandler
                0x08000cec                I2C2_EV_IRQHandler
                0x08000cec                ADC1_2_IRQHandler
                0x08000cec                SPI1_IRQHandler
                0x08000cec                TAMPER_IRQHandler
                0x08000cec                DMA1_Channel4_IRQHandler
                0x08000cec                USART3_IRQHandler
                0x08000cec                RTC_IRQHandler
                0x08000cec                DMA1_Channel7_IRQHandler
                0x08000cec                CAN1_RX1_IRQHandler
                0x08000cec                TIM4_IRQHandler
                0x08000cec                I2C1_EV_IRQHandler
                0x08000cec                DMA1_Channel6_IRQHandler
                0x08000cec                TIM3_IRQHandler
                0x08000cec                RCC_IRQHandler
                0x08000cec                TIM1_TRG_COM_IRQHandler
                0x08000cec                DMA1_Channel1_IRQHandler
                0x08000cec                Default_Handler
                0x08000cec                EXTI15_10_IRQHandler
                0x08000cec                EXTI9_5_IRQHandler
                0x08000cec                SPI2_IRQHandler
                0x08000cec                DMA1_Channel5_IRQHandler
                0x08000cec                EXTI4_IRQHandler
                0x08000cec                USB_LP_CAN1_RX0_IRQHandler
                0x08000cec                USB_HP_CAN1_TX_IRQHandler
                0x08000cec                DMA1_Channel3_IRQHandler
                0x08000cec                TIM1_UP_IRQHandler
                0x08000cec                WWDG_IRQHandler
                0x08000cec                TIM2_IRQHandler
                0x08000cec                TIM1_BRK_IRQHandler
                0x08000cec                EXTI1_IRQHandler
                0x08000cec                USART2_IRQHandler
                0x08000cec                I2C2_ER_IRQHandler
                0x08000cec                DMA1_Channel2_IRQHandler
                0x08000cec                CAN1_SCE_IRQHandler
                0x08000cec                FLASH_IRQHandler
                0x08000cec                USART1_IRQHandler
                0x08000cec                I2C1_ER_IRQHandler
                0x08000cec                USBWakeUp_IRQHandler
 *fill*         0x08000cee        0x2 
 .text.HAL_Init
                0x08000cf0       0x2c ./Drivers/STM32F1xx_HAL_Driver/Src/stm32f1xx_hal.o
                0x08000cf0                HAL_Init
 .text.HAL_InitTick
                0x08000d1c       0x60 ./Drivers/STM32F1xx_HAL_Driver/Src/stm32f1xx_hal.o
                0x08000d1c                HAL_InitTick
 .text.HAL_IncTick
                0x08000d7c       0x24 ./Drivers/STM32F1xx_HAL_Driver/Src/stm32f1xx_hal.o
                0x08000d7c                HAL_IncTick
 .text.HAL_GetTick
                0x08000da0       0x14 ./Drivers/STM32F1xx_HAL_Driver/Src/stm32f1xx_hal.o
                0x08000da0                HAL_GetTick
 .text.HAL_Delay
                0x08000db4       0x48 ./Drivers/STM32F1xx_HAL_Driver/Src/stm32f1xx_hal.o
                0x08000db4                HAL_Delay
 .text.HAL_ADC_Init
                0x08000dfc      0x1b0 ./Drivers/STM32F1xx_HAL_Driver/Src/stm32f1xx_hal_adc.o
                0x08000dfc                HAL_ADC_Init
 .text.HAL_ADC_Start
                0x08000fac      0x15c ./Drivers/STM32F1xx_HAL_Driver/Src/stm32f1xx_hal_adc.o
                0x08000fac                HAL_ADC_Start
 .text.HAL_ADC_Stop
                0x08001108       0x58 ./Drivers/STM32F1xx_HAL_Driver/Src/stm32f1xx_hal_adc.o
                0x08001108                HAL_ADC_Stop
 .text.HAL_ADC_PollForConversion
                0x08001160      0x20c ./Drivers/STM32F1xx_HAL_Driver/Src/stm32f1xx_hal_adc.o
                0x08001160                HAL_ADC_PollForConversion
 .text.HAL_ADC_GetValue
                0x0800136c       0x18 ./Drivers/STM32F1xx_HAL_Driver/Src/stm32f1xx_hal_adc.o
                0x0800136c                HAL_ADC_GetValue
 .text.HAL_ADC_ConfigChannel
                0x08001384      0x1f0 ./Drivers/STM32F1xx_HAL_Driver/Src/stm32f1xx_hal_adc.o
                0x08001384                HAL_ADC_ConfigChannel
 .text.ADC_Enable
                0x08001574       0xb4 ./Drivers/STM32F1xx_HAL_Driver/Src/stm32f1xx_hal_adc.o
                0x08001574                ADC_Enable
 .text.ADC_ConversionStop_Disable
                0x08001628       0x82 ./Drivers/STM32F1xx_HAL_Driver/Src/stm32f1xx_hal_adc.o
                0x08001628                ADC_ConversionStop_Disable
 *fill*         0x080016aa        0x2 
 .text.__NVIC_SetPriorityGrouping
                0x080016ac       0x48 ./Drivers/STM32F1xx_HAL_Driver/Src/stm32f1xx_hal_cortex.o
 .text.__NVIC_GetPriorityGrouping
                0x080016f4       0x1c ./Drivers/STM32F1xx_HAL_Driver/Src/stm32f1xx_hal_cortex.o
 .text.__NVIC_SetPriority
                0x08001710       0x54 ./Drivers/STM32F1xx_HAL_Driver/Src/stm32f1xx_hal_cortex.o
 .text.NVIC_EncodePriority
                0x08001764       0x64 ./Drivers/STM32F1xx_HAL_Driver/Src/stm32f1xx_hal_cortex.o
 .text.SysTick_Config
                0x080017c8       0x44 ./Drivers/STM32F1xx_HAL_Driver/Src/stm32f1xx_hal_cortex.o
 .text.HAL_NVIC_SetPriorityGrouping
                0x0800180c       0x16 ./Drivers/STM32F1xx_HAL_Driver/Src/stm32f1xx_hal_cortex.o
                0x0800180c                HAL_NVIC_SetPriorityGrouping
 .text.HAL_NVIC_SetPriority
                0x08001822       0x38 ./Drivers/STM32F1xx_HAL_Driver/Src/stm32f1xx_hal_cortex.o
                0x08001822                HAL_NVIC_SetPriority
 .text.HAL_SYSTICK_Config
                0x0800185a       0x18 ./Drivers/STM32F1xx_HAL_Driver/Src/stm32f1xx_hal_cortex.o
                0x0800185a                HAL_SYSTICK_Config
 *fill*         0x08001872        0x2 
 .text.HAL_GPIO_Init
                0x08001874      0x308 ./Drivers/STM32F1xx_HAL_Driver/Src/stm32f1xx_hal_gpio.o
                0x08001874                HAL_GPIO_Init
 .text.HAL_GPIO_ReadPin
                0x08001b7c       0x2e ./Drivers/STM32F1xx_HAL_Driver/Src/stm32f1xx_hal_gpio.o
                0x08001b7c                HAL_GPIO_ReadPin
 *fill*         0x08001baa        0x2 
 .text.HAL_RCC_OscConfig
                0x08001bac      0x504 ./Drivers/STM32F1xx_HAL_Driver/Src/stm32f1xx_hal_rcc.o
                0x08001bac                HAL_RCC_OscConfig
 .text.HAL_RCC_ClockConfig
                0x080020b0      0x1d4 ./Drivers/STM32F1xx_HAL_Driver/Src/stm32f1xx_hal_rcc.o
                0x080020b0                HAL_RCC_ClockConfig
 .text.HAL_RCC_GetSysClockFreq
                0x08002284       0xa8 ./Drivers/STM32F1xx_HAL_Driver/Src/stm32f1xx_hal_rcc.o
                0x08002284                HAL_RCC_GetSysClockFreq
 .text.HAL_RCC_GetHCLKFreq
                0x0800232c       0x14 ./Drivers/STM32F1xx_HAL_Driver/Src/stm32f1xx_hal_rcc.o
                0x0800232c                HAL_RCC_GetHCLKFreq
 .text.HAL_RCC_GetPCLK2Freq
                0x08002340       0x28 ./Drivers/STM32F1xx_HAL_Driver/Src/stm32f1xx_hal_rcc.o
                0x08002340                HAL_RCC_GetPCLK2Freq
 .text.RCC_Delay
                0x08002368       0x3c ./Drivers/STM32F1xx_HAL_Driver/Src/stm32f1xx_hal_rcc.o
 .text.HAL_RCCEx_PeriphCLKConfig
                0x080023a4      0x16c ./Drivers/STM32F1xx_HAL_Driver/Src/stm32f1xx_hal_rcc_ex.o
                0x080023a4                HAL_RCCEx_PeriphCLKConfig
 .text.HAL_RCCEx_GetPeriphCLKFreq
                0x08002510      0x16c ./Drivers/STM32F1xx_HAL_Driver/Src/stm32f1xx_hal_rcc_ex.o
                0x08002510                HAL_RCCEx_GetPeriphCLKFreq
 .text.HAL_TIM_Base_Init
                0x0800267c       0x9e ./Drivers/STM32F1xx_HAL_Driver/Src/stm32f1xx_hal_tim.o
                0x0800267c                HAL_TIM_Base_Init
 .text.HAL_TIM_PWM_Init
                0x0800271a       0x9e ./Drivers/STM32F1xx_HAL_Driver/Src/stm32f1xx_hal_tim.o
                0x0800271a                HAL_TIM_PWM_Init
 .text.HAL_TIM_PWM_MspInit
                0x080027b8       0x12 ./Drivers/STM32F1xx_HAL_Driver/Src/stm32f1xx_hal_tim.o
                0x080027b8                HAL_TIM_PWM_MspInit
 *fill*         0x080027ca        0x2 
 .text.HAL_TIM_PWM_Start
                0x080027cc      0x144 ./Drivers/STM32F1xx_HAL_Driver/Src/stm32f1xx_hal_tim.o
                0x080027cc                HAL_TIM_PWM_Start
 .text.HAL_TIM_Encoder_Init
                0x08002910      0x144 ./Drivers/STM32F1xx_HAL_Driver/Src/stm32f1xx_hal_tim.o
                0x08002910                HAL_TIM_Encoder_Init
 .text.HAL_TIM_Encoder_Start
                0x08002a54      0x11c ./Drivers/STM32F1xx_HAL_Driver/Src/stm32f1xx_hal_tim.o
                0x08002a54                HAL_TIM_Encoder_Start
 .text.HAL_TIM_PWM_ConfigChannel
                0x08002b70      0x184 ./Drivers/STM32F1xx_HAL_Driver/Src/stm32f1xx_hal_tim.o
                0x08002b70                HAL_TIM_PWM_ConfigChannel
 .text.HAL_TIM_ConfigClockSource
                0x08002cf4      0x18e ./Drivers/STM32F1xx_HAL_Driver/Src/stm32f1xx_hal_tim.o
                0x08002cf4                HAL_TIM_ConfigClockSource
 *fill*         0x08002e82        0x2 
 .text.TIM_Base_SetConfig
                0x08002e84       0xdc ./Drivers/STM32F1xx_HAL_Driver/Src/stm32f1xx_hal_tim.o
                0x08002e84                TIM_Base_SetConfig
 .text.TIM_OC1_SetConfig
                0x08002f60       0xcc ./Drivers/STM32F1xx_HAL_Driver/Src/stm32f1xx_hal_tim.o
 .text.TIM_OC2_SetConfig
                0x0800302c       0xd4 ./Drivers/STM32F1xx_HAL_Driver/Src/stm32f1xx_hal_tim.o
                0x0800302c                TIM_OC2_SetConfig
 .text.TIM_OC3_SetConfig
                0x08003100       0xd4 ./Drivers/STM32F1xx_HAL_Driver/Src/stm32f1xx_hal_tim.o
 .text.TIM_OC4_SetConfig
                0x080031d4       0x9c ./Drivers/STM32F1xx_HAL_Driver/Src/stm32f1xx_hal_tim.o
 .text.TIM_TI1_ConfigInputStage
                0x08003270       0x5c ./Drivers/STM32F1xx_HAL_Driver/Src/stm32f1xx_hal_tim.o
 .text.TIM_TI2_ConfigInputStage
                0x080032cc       0x5e ./Drivers/STM32F1xx_HAL_Driver/Src/stm32f1xx_hal_tim.o
 .text.TIM_ITRx_SetConfig
                0x0800332a       0x34 ./Drivers/STM32F1xx_HAL_Driver/Src/stm32f1xx_hal_tim.o
 .text.TIM_ETR_SetConfig
                0x0800335e       0x3e ./Drivers/STM32F1xx_HAL_Driver/Src/stm32f1xx_hal_tim.o
                0x0800335e                TIM_ETR_SetConfig
 .text.TIM_CCxChannelCmd
                0x0800339c       0x48 ./Drivers/STM32F1xx_HAL_Driver/Src/stm32f1xx_hal_tim.o
                0x0800339c                TIM_CCxChannelCmd
 .text.HAL_TIMEx_MasterConfigSynchronization
                0x080033e4       0xbc ./Drivers/STM32F1xx_HAL_Driver/Src/stm32f1xx_hal_tim_ex.o
                0x080033e4                HAL_TIMEx_MasterConfigSynchronization
 .text.memset   0x080034a0       0x10 D:/STMicroelectronics/STM32Cube/STM32CubeIDE_1.19.0/STM32CubeIDE/plugins/com.st.stm32cube.ide.mcu.externaltools.gnu-tools-for-stm32.13.3.rel1.win32_1.0.0.202411081344/tools/bin/../lib/gcc/arm-none-eabi/13.3.1/../../../../arm-none-eabi/lib/thumb/v7-m/nofp\libc_nano.a(libc_a-memset.o)
                0x080034a0                memset
 .text.__libc_init_array
                0x080034b0       0x48 D:/STMicroelectronics/STM32Cube/STM32CubeIDE_1.19.0/STM32CubeIDE/plugins/com.st.stm32cube.ide.mcu.externaltools.gnu-tools-for-stm32.13.3.rel1.win32_1.0.0.202411081344/tools/bin/../lib/gcc/arm-none-eabi/13.3.1/../../../../arm-none-eabi/lib/thumb/v7-m/nofp\libc_nano.a(libc_a-init.o)
                0x080034b0                __libc_init_array
 *(.glue_7)
 .glue_7        0x080034f8        0x0 linker stubs
 *(.glue_7t)
 .glue_7t       0x080034f8        0x0 linker stubs
 *(.eh_frame)
 .eh_frame      0x080034f8        0x0 D:/STMicroelectronics/STM32Cube/STM32CubeIDE_1.19.0/STM32CubeIDE/plugins/com.st.stm32cube.ide.mcu.externaltools.gnu-tools-for-stm32.13.3.rel1.win32_1.0.0.202411081344/tools/bin/../lib/gcc/arm-none-eabi/13.3.1/thumb/v7-m/nofp/crtbegin.o
 *(.init)
 .init          0x080034f8        0x4 D:/STMicroelectronics/STM32Cube/STM32CubeIDE_1.19.0/STM32CubeIDE/plugins/com.st.stm32cube.ide.mcu.externaltools.gnu-tools-for-stm32.13.3.rel1.win32_1.0.0.202411081344/tools/bin/../lib/gcc/arm-none-eabi/13.3.1/thumb/v7-m/nofp/crti.o
                0x080034f8                _init
 .init          0x080034fc        0x8 D:/STMicroelectronics/STM32Cube/STM32CubeIDE_1.19.0/STM32CubeIDE/plugins/com.st.stm32cube.ide.mcu.externaltools.gnu-tools-for-stm32.13.3.rel1.win32_1.0.0.202411081344/tools/bin/../lib/gcc/arm-none-eabi/13.3.1/thumb/v7-m/nofp/crtn.o
 *(.fini)
 .fini          0x08003504        0x4 D:/STMicroelectronics/STM32Cube/STM32CubeIDE_1.19.0/STM32CubeIDE/plugins/com.st.stm32cube.ide.mcu.externaltools.gnu-tools-for-stm32.13.3.rel1.win32_1.0.0.202411081344/tools/bin/../lib/gcc/arm-none-eabi/13.3.1/thumb/v7-m/nofp/crti.o
                0x08003504                _fini
 .fini          0x08003508        0x8 D:/STMicroelectronics/STM32Cube/STM32CubeIDE_1.19.0/STM32CubeIDE/plugins/com.st.stm32cube.ide.mcu.externaltools.gnu-tools-for-stm32.13.3.rel1.win32_1.0.0.202411081344/tools/bin/../lib/gcc/arm-none-eabi/13.3.1/thumb/v7-m/nofp/crtn.o
                0x08003510                        . = ALIGN (0x4)
                0x08003510                        _etext = .

.vfp11_veneer   0x08003510        0x0
 .vfp11_veneer  0x08003510        0x0 linker stubs

.v4_bx          0x08003510        0x0
 .v4_bx         0x08003510        0x0 linker stubs

.iplt           0x08003510        0x0
 .iplt          0x08003510        0x0 D:/STMicroelectronics/STM32Cube/STM32CubeIDE_1.19.0/STM32CubeIDE/plugins/com.st.stm32cube.ide.mcu.externaltools.gnu-tools-for-stm32.13.3.rel1.win32_1.0.0.202411081344/tools/bin/../lib/gcc/arm-none-eabi/13.3.1/thumb/v7-m/nofp/crtbegin.o

.rodata         0x08003510       0x40
                0x08003510                        . = ALIGN (0x4)
 *(.rodata)
 *(.rodata*)
 .rodata.AHBPrescTable
                0x08003510       0x10 ./Core/Src/system_stm32f1xx.o
                0x08003510                AHBPrescTable
 .rodata.APBPrescTable
                0x08003520        0x8 ./Core/Src/system_stm32f1xx.o
                0x08003520                APBPrescTable
 .rodata.aPLLMULFactorTable.1
                0x08003528       0x10 ./Drivers/STM32F1xx_HAL_Driver/Src/stm32f1xx_hal_rcc.o
 .rodata.aPredivFactorTable.0
                0x08003538        0x2 ./Drivers/STM32F1xx_HAL_Driver/Src/stm32f1xx_hal_rcc.o
 *fill*         0x0800353a        0x2 
 .rodata.aPLLMULFactorTable.1
                0x0800353c       0x10 ./Drivers/STM32F1xx_HAL_Driver/Src/stm32f1xx_hal_rcc_ex.o
 .rodata.aPredivFactorTable.0
                0x0800354c        0x2 ./Drivers/STM32F1xx_HAL_Driver/Src/stm32f1xx_hal_rcc_ex.o
                0x08003550                        . = ALIGN (0x4)
 *fill*         0x0800354e        0x2 

.ARM.extab      0x08003550        0x0
                0x08003550                        . = ALIGN (0x4)
 *(.ARM.extab* .gnu.linkonce.armextab.*)
                0x08003550                        . = ALIGN (0x4)

.ARM            0x08003550        0x0
                0x08003550                        . = ALIGN (0x4)
                0x08003550                        __exidx_start = .
 *(.ARM.exidx*)
                0x08003550                        __exidx_end = .
                0x08003550                        . = ALIGN (0x4)

.preinit_array  0x08003550        0x0
                0x08003550                        . = ALIGN (0x4)
                0x08003550                        PROVIDE (__preinit_array_start = .)
 *(.preinit_array*)
                0x08003550                        PROVIDE (__preinit_array_end = .)
                0x08003550                        . = ALIGN (0x4)

.init_array     0x08003550        0x4
                0x08003550                        . = ALIGN (0x4)
                0x08003550                        PROVIDE (__init_array_start = .)
 *(SORT_BY_NAME(.init_array.*))
 *(.init_array*)
 .init_array    0x08003550        0x4 D:/STMicroelectronics/STM32Cube/STM32CubeIDE_1.19.0/STM32CubeIDE/plugins/com.st.stm32cube.ide.mcu.externaltools.gnu-tools-for-stm32.13.3.rel1.win32_1.0.0.202411081344/tools/bin/../lib/gcc/arm-none-eabi/13.3.1/thumb/v7-m/nofp/crtbegin.o
                0x08003554                        PROVIDE (__init_array_end = .)
                0x08003554                        . = ALIGN (0x4)

.fini_array     0x08003554        0x4
                0x08003554                        . = ALIGN (0x4)
                [!provide]                        PROVIDE (__fini_array_start = .)
 *(SORT_BY_NAME(.fini_array.*))
 *(.fini_array*)
 .fini_array    0x08003554        0x4 D:/STMicroelectronics/STM32Cube/STM32CubeIDE_1.19.0/STM32CubeIDE/plugins/com.st.stm32cube.ide.mcu.externaltools.gnu-tools-for-stm32.13.3.rel1.win32_1.0.0.202411081344/tools/bin/../lib/gcc/arm-none-eabi/13.3.1/thumb/v7-m/nofp/crtbegin.o
                [!provide]                        PROVIDE (__fini_array_end = .)
                0x08003558                        . = ALIGN (0x4)
                0x08003558                        _sidata = LOADADDR (.data)

.rel.dyn        0x08003558        0x0
 .rel.iplt      0x08003558        0x0 D:/STMicroelectronics/STM32Cube/STM32CubeIDE_1.19.0/STM32CubeIDE/plugins/com.st.stm32cube.ide.mcu.externaltools.gnu-tools-for-stm32.13.3.rel1.win32_1.0.0.202411081344/tools/bin/../lib/gcc/arm-none-eabi/13.3.1/thumb/v7-m/nofp/crtbegin.o

.data           0x20000000        0xc load address 0x08003558
                0x20000000                        . = ALIGN (0x4)
                0x20000000                        _sdata = .
 *(.data)
 *(.data*)
 .data.SystemCoreClock
                0x20000000        0x4 ./Core/Src/system_stm32f1xx.o
                0x20000000                SystemCoreClock
 .data.uwTickPrio
                0x20000004        0x4 ./Drivers/STM32F1xx_HAL_Driver/Src/stm32f1xx_hal.o
                0x20000004                uwTickPrio
 .data.uwTickFreq
                0x20000008        0x1 ./Drivers/STM32F1xx_HAL_Driver/Src/stm32f1xx_hal.o
                0x20000008                uwTickFreq
 *(.RamFunc)
 *(.RamFunc*)
                0x2000000c                        . = ALIGN (0x4)
 *fill*         0x20000009        0x3 
                0x2000000c                        _edata = .

.igot.plt       0x2000000c        0x0 load address 0x08003564
 .igot.plt      0x2000000c        0x0 D:/STMicroelectronics/STM32Cube/STM32CubeIDE_1.19.0/STM32CubeIDE/plugins/com.st.stm32cube.ide.mcu.externaltools.gnu-tools-for-stm32.13.3.rel1.win32_1.0.0.202411081344/tools/bin/../lib/gcc/arm-none-eabi/13.3.1/thumb/v7-m/nofp/crtbegin.o
                0x2000000c                        . = ALIGN (0x4)

.bss            0x2000000c      0x108 load address 0x08003564
                0x2000000c                        _sbss = .
                0x2000000c                        __bss_start__ = _sbss
 *(.bss)
 .bss           0x2000000c       0x1c D:/STMicroelectronics/STM32Cube/STM32CubeIDE_1.19.0/STM32CubeIDE/plugins/com.st.stm32cube.ide.mcu.externaltools.gnu-tools-for-stm32.13.3.rel1.win32_1.0.0.202411081344/tools/bin/../lib/gcc/arm-none-eabi/13.3.1/thumb/v7-m/nofp/crtbegin.o
 *(.bss*)
 .bss.hadc1     0x20000028       0x30 ./Core/Src/adc.o
                0x20000028                hadc1
 .bss.count     0x20000058        0x4 ./Core/Src/ky040.o
                0x20000058                count
 .bss.mode      0x2000005c        0x4 ./Core/Src/ky040.o
                0x2000005c                mode
 .bss.last_encoder_raw
                0x20000060        0x4 ./Core/Src/ky040.o
 .bss.brightness_units
                0x20000064        0x4 ./Core/Src/ky040.o
 .bss.last_adc  0x20000068        0x2 ./Core/Src/main.o
 .bss.last_pwm  0x2000006a        0x2 ./Core/Src/main.o
 .bss.last_count_snapshot
                0x2000006c        0x4 ./Core/Src/main.o
 .bss.last_activity_tick
                0x20000070        0x4 ./Core/Src/main.o
 .bss.auto_light_on
                0x20000074        0x1 ./Core/Src/main.o
 *fill*         0x20000075        0x3 
 .bss.last_mode
                0x20000078        0x4 ./Core/Src/main.o
 .bss.pir_warmup_start
                0x2000007c        0x4 ./Core/Src/pir.o
 .bss.htim1     0x20000080       0x48 ./Core/Src/tim.o
                0x20000080                htim1
 .bss.htim2     0x200000c8       0x48 ./Core/Src/tim.o
                0x200000c8                htim2
 .bss.uwTick    0x20000110        0x4 ./Drivers/STM32F1xx_HAL_Driver/Src/stm32f1xx_hal.o
                0x20000110                uwTick
 *(COMMON)
                0x20000114                        . = ALIGN (0x4)
                0x20000114                        _ebss = .
                0x20000114                        __bss_end__ = _ebss

._user_heap_stack
                0x20000114      0x604 load address 0x08003564
                0x20000118                        . = ALIGN (0x8)
 *fill*         0x20000114        0x4 
                [!provide]                        PROVIDE (end = .)
                0x20000118                        PROVIDE (_end = .)
                0x20000318                        . = (. + _Min_Heap_Size)
 *fill*         0x20000118      0x200 
                0x20000718                        . = (. + _Min_Stack_Size)
 *fill*         0x20000318      0x400 
                0x20000718                        . = ALIGN (0x8)

/DISCARD/
 libc.a(*)
 libm.a(*)
 libgcc.a(*)

.ARM.attributes
                0x00000000       0x29
 *(.ARM.attributes)
 .ARM.attributes
                0x00000000       0x1d D:/STMicroelectronics/STM32Cube/STM32CubeIDE_1.19.0/STM32CubeIDE/plugins/com.st.stm32cube.ide.mcu.externaltools.gnu-tools-for-stm32.13.3.rel1.win32_1.0.0.202411081344/tools/bin/../lib/gcc/arm-none-eabi/13.3.1/thumb/v7-m/nofp/crti.o
 .ARM.attributes
                0x0000001d       0x2d D:/STMicroelectronics/STM32Cube/STM32CubeIDE_1.19.0/STM32CubeIDE/plugins/com.st.stm32cube.ide.mcu.externaltools.gnu-tools-for-stm32.13.3.rel1.win32_1.0.0.202411081344/tools/bin/../lib/gcc/arm-none-eabi/13.3.1/thumb/v7-m/nofp/crtbegin.o
 .ARM.attributes
                0x0000004a       0x2d ./Core/Src/adc.o
 .ARM.attributes
                0x00000077       0x2d ./Core/Src/gpio.o
 .ARM.attributes
                0x000000a4       0x2d ./Core/Src/ky040.o
 .ARM.attributes
                0x000000d1       0x2d ./Core/Src/ldr.o
 .ARM.attributes
                0x000000fe       0x2d ./Core/Src/main.o
 .ARM.attributes
                0x0000012b       0x2d ./Core/Src/mosfet.o
 .ARM.attributes
                0x00000158       0x2d ./Core/Src/pir.o
 .ARM.attributes
                0x00000185       0x2d ./Core/Src/sound.o
 .ARM.attributes
                0x000001b2       0x2d ./Core/Src/stm32f1xx_hal_msp.o
 .ARM.attributes
                0x000001df       0x2d ./Core/Src/stm32f1xx_it.o
 .ARM.attributes
                0x0000020c       0x2d ./Core/Src/system_stm32f1xx.o
 .ARM.attributes
                0x00000239       0x2d ./Core/Src/tim.o
 .ARM.attributes
                0x00000266       0x21 ./Core/Startup/startup_stm32f103c8tx.o
 .ARM.attributes
                0x00000287       0x2d ./Drivers/STM32F1xx_HAL_Driver/Src/stm32f1xx_hal.o
 .ARM.attributes
                0x000002b4       0x2d ./Drivers/STM32F1xx_HAL_Driver/Src/stm32f1xx_hal_adc.o
 .ARM.attributes
                0x000002e1       0x2d ./Drivers/STM32F1xx_HAL_Driver/Src/stm32f1xx_hal_cortex.o
 .ARM.attributes
                0x0000030e       0x2d ./Drivers/STM32F1xx_HAL_Driver/Src/stm32f1xx_hal_gpio.o
 .ARM.attributes
                0x0000033b       0x2d ./Drivers/STM32F1xx_HAL_Driver/Src/stm32f1xx_hal_rcc.o
 .ARM.attributes
                0x00000368       0x2d ./Drivers/STM32F1xx_HAL_Driver/Src/stm32f1xx_hal_rcc_ex.o
 .ARM.attributes
                0x00000395       0x2d ./Drivers/STM32F1xx_HAL_Driver/Src/stm32f1xx_hal_tim.o
 .ARM.attributes
                0x000003c2       0x2d ./Drivers/STM32F1xx_HAL_Driver/Src/stm32f1xx_hal_tim_ex.o
 .ARM.attributes
                0x000003ef       0x2d D:/STMicroelectronics/STM32Cube/STM32CubeIDE_1.19.0/STM32CubeIDE/plugins/com.st.stm32cube.ide.mcu.externaltools.gnu-tools-for-stm32.13.3.rel1.win32_1.0.0.202411081344/tools/bin/../lib/gcc/arm-none-eabi/13.3.1/../../../../arm-none-eabi/lib/thumb/v7-m/nofp\libc_nano.a(libc_a-memset.o)
 .ARM.attributes
                0x0000041c       0x2d D:/STMicroelectronics/STM32Cube/STM32CubeIDE_1.19.0/STM32CubeIDE/plugins/com.st.stm32cube.ide.mcu.externaltools.gnu-tools-for-stm32.13.3.rel1.win32_1.0.0.202411081344/tools/bin/../lib/gcc/arm-none-eabi/13.3.1/../../../../arm-none-eabi/lib/thumb/v7-m/nofp\libc_nano.a(libc_a-init.o)
 .ARM.attributes
                0x00000449       0x1d D:/STMicroelectronics/STM32Cube/STM32CubeIDE_1.19.0/STM32CubeIDE/plugins/com.st.stm32cube.ide.mcu.externaltools.gnu-tools-for-stm32.13.3.rel1.win32_1.0.0.202411081344/tools/bin/../lib/gcc/arm-none-eabi/13.3.1/thumb/v7-m/nofp/crtn.o
OUTPUT(SRTP_LED.elf elf32-littlearm)
LOAD linker stubs
LOAD D:/STMicroelectronics/STM32Cube/STM32CubeIDE_1.19.0/STM32CubeIDE/plugins/com.st.stm32cube.ide.mcu.externaltools.gnu-tools-for-stm32.13.3.rel1.win32_1.0.0.202411081344/tools/bin/../lib/gcc/arm-none-eabi/13.3.1/../../../../arm-none-eabi/lib/thumb/v7-m/nofp\libc.a
LOAD D:/STMicroelectronics/STM32Cube/STM32CubeIDE_1.19.0/STM32CubeIDE/plugins/com.st.stm32cube.ide.mcu.externaltools.gnu-tools-for-stm32.13.3.rel1.win32_1.0.0.202411081344/tools/bin/../lib/gcc/arm-none-eabi/13.3.1/../../../../arm-none-eabi/lib/thumb/v7-m/nofp\libm.a
LOAD D:/STMicroelectronics/STM32Cube/STM32CubeIDE_1.19.0/STM32CubeIDE/plugins/com.st.stm32cube.ide.mcu.externaltools.gnu-tools-for-stm32.13.3.rel1.win32_1.0.0.202411081344/tools/bin/../lib/gcc/arm-none-eabi/13.3.1/thumb/v7-m/nofp\libgcc.a

.debug_info     0x00000000     0xa865
 .debug_info    0x00000000      0x7b8 ./Core/Src/adc.o
 .debug_info    0x000007b8      0x276 ./Core/Src/gpio.o
 .debug_info    0x00000a2e      0x814 ./Core/Src/ky040.o
 .debug_info    0x00001242      0x964 ./Core/Src/ldr.o
 .debug_info    0x00001ba6      0x4c0 ./Core/Src/main.o
 .debug_info    0x00002066      0x669 ./Core/Src/mosfet.o
 .debug_info    0x000026cf      0x1d2 ./Core/Src/pir.o
 .debug_info    0x000028a1      0x1b3 ./Core/Src/sound.o
 .debug_info    0x00002a54      0x1f1 ./Core/Src/stm32f1xx_hal_msp.o
 .debug_info    0x00002c45      0x113 ./Core/Src/stm32f1xx_it.o
 .debug_info    0x00002d58      0x222 ./Core/Src/system_stm32f1xx.o
 .debug_info    0x00002f7a      0xbac ./Core/Src/tim.o
 .debug_info    0x00003b26       0x30 ./Core/Startup/startup_stm32f103c8tx.o
 .debug_info    0x00003b56      0x704 ./Drivers/STM32F1xx_HAL_Driver/Src/stm32f1xx_hal.o
 .debug_info    0x0000425a      0xc50 ./Drivers/STM32F1xx_HAL_Driver/Src/stm32f1xx_hal_adc.o
 .debug_info    0x00004eaa      0xa87 ./Drivers/STM32F1xx_HAL_Driver/Src/stm32f1xx_hal_cortex.o
 .debug_info    0x00005931      0x5ab ./Drivers/STM32F1xx_HAL_Driver/Src/stm32f1xx_hal_gpio.o
 .debug_info    0x00005edc      0x7d5 ./Drivers/STM32F1xx_HAL_Driver/Src/stm32f1xx_hal_rcc.o
 .debug_info    0x000066b1      0x3c0 ./Drivers/STM32F1xx_HAL_Driver/Src/stm32f1xx_hal_rcc_ex.o
 .debug_info    0x00006a71     0x2959 ./Drivers/STM32F1xx_HAL_Driver/Src/stm32f1xx_hal_tim.o
 .debug_info    0x000093ca     0x149b ./Drivers/STM32F1xx_HAL_Driver/Src/stm32f1xx_hal_tim_ex.o

.debug_abbrev   0x00000000     0x23fb
 .debug_abbrev  0x00000000      0x1e1 ./Core/Src/adc.o
 .debug_abbrev  0x000001e1      0x122 ./Core/Src/gpio.o
 .debug_abbrev  0x00000303      0x204 ./Core/Src/ky040.o
 .debug_abbrev  0x00000507      0x202 ./Core/Src/ldr.o
 .debug_abbrev  0x00000709      0x22f ./Core/Src/main.o
 .debug_abbrev  0x00000938      0x18f ./Core/Src/mosfet.o
 .debug_abbrev  0x00000ac7      0x125 ./Core/Src/pir.o
 .debug_abbrev  0x00000bec       0xff ./Core/Src/sound.o
 .debug_abbrev  0x00000ceb       0xdb ./Core/Src/stm32f1xx_hal_msp.o
 .debug_abbrev  0x00000dc6       0x73 ./Core/Src/stm32f1xx_it.o
 .debug_abbrev  0x00000e39      0x13f ./Core/Src/system_stm32f1xx.o
 .debug_abbrev  0x00000f78      0x243 ./Core/Src/tim.o
 .debug_abbrev  0x000011bb       0x24 ./Core/Startup/startup_stm32f103c8tx.o
 .debug_abbrev  0x000011df      0x201 ./Drivers/STM32F1xx_HAL_Driver/Src/stm32f1xx_hal.o
 .debug_abbrev  0x000013e0      0x225 ./Drivers/STM32F1xx_HAL_Driver/Src/stm32f1xx_hal_adc.o
 .debug_abbrev  0x00001605      0x2f8 ./Drivers/STM32F1xx_HAL_Driver/Src/stm32f1xx_hal_cortex.o
 .debug_abbrev  0x000018fd      0x1ca ./Drivers/STM32F1xx_HAL_Driver/Src/stm32f1xx_hal_gpio.o
 .debug_abbrev  0x00001ac7      0x2b3 ./Drivers/STM32F1xx_HAL_Driver/Src/stm32f1xx_hal_rcc.o
 .debug_abbrev  0x00001d7a      0x188 ./Drivers/STM32F1xx_HAL_Driver/Src/stm32f1xx_hal_rcc_ex.o
 .debug_abbrev  0x00001f02      0x277 ./Drivers/STM32F1xx_HAL_Driver/Src/stm32f1xx_hal_tim.o
 .debug_abbrev  0x00002179      0x282 ./Drivers/STM32F1xx_HAL_Driver/Src/stm32f1xx_hal_tim_ex.o

.debug_aranges  0x00000000      0xba8
 .debug_aranges
                0x00000000       0x30 ./Core/Src/adc.o
 .debug_aranges
                0x00000030       0x20 ./Core/Src/gpio.o
 .debug_aranges
                0x00000050       0x30 ./Core/Src/ky040.o
 .debug_aranges
                0x00000080       0x30 ./Core/Src/ldr.o
 .debug_aranges
                0x000000b0       0x30 ./Core/Src/main.o
 .debug_aranges
                0x000000e0       0x28 ./Core/Src/mosfet.o
 .debug_aranges
                0x00000108       0x30 ./Core/Src/pir.o
 .debug_aranges
                0x00000138       0x30 ./Core/Src/sound.o
 .debug_aranges
                0x00000168       0x20 ./Core/Src/stm32f1xx_hal_msp.o
 .debug_aranges
                0x00000188       0x60 ./Core/Src/stm32f1xx_it.o
 .debug_aranges
                0x000001e8       0x28 ./Core/Src/system_stm32f1xx.o
 .debug_aranges
                0x00000210       0x50 ./Core/Src/tim.o
 .debug_aranges
                0x00000260       0x28 ./Core/Startup/startup_stm32f103c8tx.o
 .debug_aranges
                0x00000288       0xe0 ./Drivers/STM32F1xx_HAL_Driver/Src/stm32f1xx_hal.o
 .debug_aranges
                0x00000368       0xf0 ./Drivers/STM32F1xx_HAL_Driver/Src/stm32f1xx_hal_adc.o
 .debug_aranges
                0x00000458      0x100 ./Drivers/STM32F1xx_HAL_Driver/Src/stm32f1xx_hal_cortex.o
 .debug_aranges
                0x00000558       0x58 ./Drivers/STM32F1xx_HAL_Driver/Src/stm32f1xx_hal_gpio.o
 .debug_aranges
                0x000005b0       0x90 ./Drivers/STM32F1xx_HAL_Driver/Src/stm32f1xx_hal_rcc.o
 .debug_aranges
                0x00000640       0x30 ./Drivers/STM32F1xx_HAL_Driver/Src/stm32f1xx_hal_rcc_ex.o
 .debug_aranges
                0x00000670      0x3d0 ./Drivers/STM32F1xx_HAL_Driver/Src/stm32f1xx_hal_tim.o
 .debug_aranges
                0x00000a40      0x168 ./Drivers/STM32F1xx_HAL_Driver/Src/stm32f1xx_hal_tim_ex.o

.debug_rnglists
                0x00000000      0x8eb
 .debug_rnglists
                0x00000000       0x1f ./Core/Src/adc.o
 .debug_rnglists
                0x0000001f       0x14 ./Core/Src/gpio.o
 .debug_rnglists
                0x00000033       0x2d ./Core/Src/ky040.o
 .debug_rnglists
                0x00000060       0x1f ./Core/Src/ldr.o
 .debug_rnglists
                0x0000007f       0x2d ./Core/Src/main.o
 .debug_rnglists
                0x000000ac       0x19 ./Core/Src/mosfet.o
 .debug_rnglists
                0x000000c5       0x1f ./Core/Src/pir.o
 .debug_rnglists
                0x000000e4       0x1f ./Core/Src/sound.o
 .debug_rnglists
                0x00000103       0x13 ./Core/Src/stm32f1xx_hal_msp.o
 .debug_rnglists
                0x00000116       0x43 ./Core/Src/stm32f1xx_it.o
 .debug_rnglists
                0x00000159       0x1a ./Core/Src/system_stm32f1xx.o
 .debug_rnglists
                0x00000173       0x3a ./Core/Src/tim.o
 .debug_rnglists
                0x000001ad       0x19 ./Core/Startup/startup_stm32f103c8tx.o
 .debug_rnglists
                0x000001c6       0xa3 ./Drivers/STM32F1xx_HAL_Driver/Src/stm32f1xx_hal.o
 .debug_rnglists
                0x00000269       0xbc ./Drivers/STM32F1xx_HAL_Driver/Src/stm32f1xx_hal_adc.o
 .debug_rnglists
                0x00000325       0xbb ./Drivers/STM32F1xx_HAL_Driver/Src/stm32f1xx_hal_cortex.o
 .debug_rnglists
                0x000003e0       0x3f ./Drivers/STM32F1xx_HAL_Driver/Src/stm32f1xx_hal_gpio.o
 .debug_rnglists
                0x0000041f       0x6c ./Drivers/STM32F1xx_HAL_Driver/Src/stm32f1xx_hal_rcc.o
 .debug_rnglists
                0x0000048b       0x21 ./Drivers/STM32F1xx_HAL_Driver/Src/stm32f1xx_hal_rcc_ex.o
 .debug_rnglists
                0x000004ac      0x31a ./Drivers/STM32F1xx_HAL_Driver/Src/stm32f1xx_hal_tim.o
 .debug_rnglists
                0x000007c6      0x125 ./Drivers/STM32F1xx_HAL_Driver/Src/stm32f1xx_hal_tim_ex.o

.debug_macro    0x00000000    0x18090
 .debug_macro   0x00000000      0x1c6 ./Core/Src/adc.o
 .debug_macro   0x000001c6      0xacc ./Core/Src/adc.o
 .debug_macro   0x00000c92      0x21b ./Core/Src/adc.o
 .debug_macro   0x00000ead       0x2e ./Core/Src/adc.o
 .debug_macro   0x00000edb       0x22 ./Core/Src/adc.o
 .debug_macro   0x00000efd       0x22 ./Core/Src/adc.o
 .debug_macro   0x00000f1f       0x8e ./Core/Src/adc.o
 .debug_macro   0x00000fad       0x51 ./Core/Src/adc.o
 .debug_macro   0x00000ffe      0x103 ./Core/Src/adc.o
 .debug_macro   0x00001101       0x6a ./Core/Src/adc.o
 .debug_macro   0x0000116b      0x1df ./Core/Src/adc.o
 .debug_macro   0x0000134a       0x1c ./Core/Src/adc.o
 .debug_macro   0x00001366       0x22 ./Core/Src/adc.o
 .debug_macro   0x00001388       0xbd ./Core/Src/adc.o
 .debug_macro   0x00001445      0xd23 ./Core/Src/adc.o
 .debug_macro   0x00002168     0xe09e ./Core/Src/adc.o
 .debug_macro   0x00010206       0x6d ./Core/Src/adc.o
 .debug_macro   0x00010273     0x34a2 ./Core/Src/adc.o
 .debug_macro   0x00013715      0x190 ./Core/Src/adc.o
 .debug_macro   0x000138a5       0x5c ./Core/Src/adc.o
 .debug_macro   0x00013901      0x5bc ./Core/Src/adc.o
 .debug_macro   0x00013ebd      0x289 ./Core/Src/adc.o
 .debug_macro   0x00014146      0x1cb ./Core/Src/adc.o
 .debug_macro   0x00014311      0x114 ./Core/Src/adc.o
 .debug_macro   0x00014425      0x1b2 ./Core/Src/adc.o
 .debug_macro   0x000145d7       0x27 ./Core/Src/adc.o
 .debug_macro   0x000145fe      0x136 ./Core/Src/adc.o
 .debug_macro   0x00014734      0x1bc ./Core/Src/adc.o
 .debug_macro   0x000148f0       0x34 ./Core/Src/adc.o
 .debug_macro   0x00014924       0x3c ./Core/Src/adc.o
 .debug_macro   0x00014960       0x57 ./Core/Src/adc.o
 .debug_macro   0x000149b7      0x46a ./Core/Src/adc.o
 .debug_macro   0x00014e21      0x1b5 ./Core/Src/adc.o
 .debug_macro   0x00014fd6       0x87 ./Core/Src/adc.o
 .debug_macro   0x0001505d      0x240 ./Core/Src/adc.o
 .debug_macro   0x0001529d      0x140 ./Core/Src/adc.o
 .debug_macro   0x000153dd      0x8ed ./Core/Src/adc.o
 .debug_macro   0x00015cca       0x83 ./Core/Src/adc.o
 .debug_macro   0x00015d4d       0x10 ./Core/Src/adc.o
 .debug_macro   0x00015d5d      0x1c6 ./Core/Src/gpio.o
 .debug_macro   0x00015f23      0x1d9 ./Core/Src/ky040.o
 .debug_macro   0x000160fc       0x22 ./Core/Src/ky040.o
 .debug_macro   0x0001611e      0x1e8 ./Core/Src/ldr.o
 .debug_macro   0x00016306       0x2e ./Core/Src/ldr.o
 .debug_macro   0x00016334      0x212 ./Core/Src/main.o
 .debug_macro   0x00016546       0x34 ./Core/Src/main.o
 .debug_macro   0x0001657a       0x2e ./Core/Src/main.o
 .debug_macro   0x000165a8       0x22 ./Core/Src/main.o
 .debug_macro   0x000165ca      0x1d0 ./Core/Src/mosfet.o
 .debug_macro   0x0001679a      0x1cb ./Core/Src/pir.o
 .debug_macro   0x00016965       0x28 ./Core/Src/pir.o
 .debug_macro   0x0001698d      0x1cb ./Core/Src/sound.o
 .debug_macro   0x00016b58       0x1c ./Core/Src/sound.o
 .debug_macro   0x00016b74      0x1bc ./Core/Src/stm32f1xx_hal_msp.o
 .debug_macro   0x00016d30      0x1c6 ./Core/Src/stm32f1xx_it.o
 .debug_macro   0x00016ef6      0x1ad ./Core/Src/system_stm32f1xx.o
 .debug_macro   0x000170a3      0x1c6 ./Core/Src/tim.o
 .debug_macro   0x00017269      0x1d1 ./Drivers/STM32F1xx_HAL_Driver/Src/stm32f1xx_hal.o
 .debug_macro   0x0001743a      0x1ca ./Drivers/STM32F1xx_HAL_Driver/Src/stm32f1xx_hal_adc.o
 .debug_macro   0x00017604      0x1ad ./Drivers/STM32F1xx_HAL_Driver/Src/stm32f1xx_hal_cortex.o
 .debug_macro   0x000177b1      0x218 ./Drivers/STM32F1xx_HAL_Driver/Src/stm32f1xx_hal_gpio.o
 .debug_macro   0x000179c9      0x1bf ./Drivers/STM32F1xx_HAL_Driver/Src/stm32f1xx_hal_rcc.o
 .debug_macro   0x00017b88      0x1ad ./Drivers/STM32F1xx_HAL_Driver/Src/stm32f1xx_hal_rcc_ex.o
 .debug_macro   0x00017d35      0x1ae ./Drivers/STM32F1xx_HAL_Driver/Src/stm32f1xx_hal_tim.o
 .debug_macro   0x00017ee3      0x1ad ./Drivers/STM32F1xx_HAL_Driver/Src/stm32f1xx_hal_tim_ex.o

.debug_line     0x00000000     0xede7
 .debug_line    0x00000000      0x765 ./Core/Src/adc.o
 .debug_line    0x00000765      0x702 ./Core/Src/gpio.o
 .debug_line    0x00000e67      0x7cb ./Core/Src/ky040.o
 .debug_line    0x00001632      0x7a9 ./Core/Src/ldr.o
 .debug_line    0x00001ddb      0x8db ./Core/Src/main.o
 .debug_line    0x000026b6      0x70d ./Core/Src/mosfet.o
 .debug_line    0x00002dc3      0x72b ./Core/Src/pir.o
 .debug_line    0x000034ee      0x721 ./Core/Src/sound.o
 .debug_line    0x00003c0f      0x6ee ./Core/Src/stm32f1xx_hal_msp.o
 .debug_line    0x000042fd      0x79c ./Core/Src/stm32f1xx_it.o
 .debug_line    0x00004a99      0x76c ./Core/Src/system_stm32f1xx.o
 .debug_line    0x00005205      0x861 ./Core/Src/tim.o
 .debug_line    0x00005a66       0x78 ./Core/Startup/startup_stm32f103c8tx.o
 .debug_line    0x00005ade      0x99d ./Drivers/STM32F1xx_HAL_Driver/Src/stm32f1xx_hal.o
 .debug_line    0x0000647b      0xfc2 ./Drivers/STM32F1xx_HAL_Driver/Src/stm32f1xx_hal_adc.o
 .debug_line    0x0000743d      0xb67 ./Drivers/STM32F1xx_HAL_Driver/Src/stm32f1xx_hal_cortex.o
 .debug_line    0x00007fa4      0x9fa ./Drivers/STM32F1xx_HAL_Driver/Src/stm32f1xx_hal_gpio.o
 .debug_line    0x0000899e      0xe56 ./Drivers/STM32F1xx_HAL_Driver/Src/stm32f1xx_hal_rcc.o
 .debug_line    0x000097f4      0x907 ./Drivers/STM32F1xx_HAL_Driver/Src/stm32f1xx_hal_rcc_ex.o
 .debug_line    0x0000a0fb     0x348b ./Drivers/STM32F1xx_HAL_Driver/Src/stm32f1xx_hal_tim.o
 .debug_line    0x0000d586     0x1861 ./Drivers/STM32F1xx_HAL_Driver/Src/stm32f1xx_hal_tim_ex.o

.debug_str      0x00000000    0x89724
 .debug_str     0x00000000    0x89724 ./Core/Src/adc.o
                              0x86955 (size before relaxing)
 .debug_str     0x00089724    0x86574 ./Core/Src/gpio.o
 .debug_str     0x00089724    0x86b48 ./Core/Src/ky040.o
 .debug_str     0x00089724    0x86ca4 ./Core/Src/ldr.o
 .debug_str     0x00089724    0x86aa7 ./Core/Src/main.o
 .debug_str     0x00089724    0x869eb ./Core/Src/mosfet.o
 .debug_str     0x00089724    0x865e7 ./Core/Src/pir.o
 .debug_str     0x00089724    0x865b1 ./Core/Src/sound.o
 .debug_str     0x00089724    0x86538 ./Core/Src/stm32f1xx_hal_msp.o
 .debug_str     0x00089724    0x8654d ./Core/Src/stm32f1xx_it.o
 .debug_str     0x00089724    0x8653b ./Core/Src/system_stm32f1xx.o
 .debug_str     0x00089724    0x86d59 ./Core/Src/tim.o
 .debug_str     0x00089724       0x65 ./Core/Startup/startup_stm32f103c8tx.o
 .debug_str     0x00089724    0x86c6e ./Drivers/STM32F1xx_HAL_Driver/Src/stm32f1xx_hal.o
 .debug_str     0x00089724    0x86c1f ./Drivers/STM32F1xx_HAL_Driver/Src/stm32f1xx_hal_adc.o
 .debug_str     0x00089724    0x86bba ./Drivers/STM32F1xx_HAL_Driver/Src/stm32f1xx_hal_cortex.o
 .debug_str     0x00089724    0x868c1 ./Drivers/STM32F1xx_HAL_Driver/Src/stm32f1xx_hal_gpio.o
 .debug_str     0x00089724    0x8696a ./Drivers/STM32F1xx_HAL_Driver/Src/stm32f1xx_hal_rcc.o
 .debug_str     0x00089724    0x866ba ./Drivers/STM32F1xx_HAL_Driver/Src/stm32f1xx_hal_rcc_ex.o
 .debug_str     0x00089724    0x8796c ./Drivers/STM32F1xx_HAL_Driver/Src/stm32f1xx_hal_tim.o
 .debug_str     0x00089724    0x87178 ./Drivers/STM32F1xx_HAL_Driver/Src/stm32f1xx_hal_tim_ex.o

.comment        0x00000000       0x43
 .comment       0x00000000       0x43 ./Core/Src/adc.o
                                 0x44 (size before relaxing)
 .comment       0x00000043       0x44 ./Core/Src/gpio.o
 .comment       0x00000043       0x44 ./Core/Src/ky040.o
 .comment       0x00000043       0x44 ./Core/Src/ldr.o
 .comment       0x00000043       0x44 ./Core/Src/main.o
 .comment       0x00000043       0x44 ./Core/Src/mosfet.o
 .comment       0x00000043       0x44 ./Core/Src/pir.o
 .comment       0x00000043       0x44 ./Core/Src/sound.o
 .comment       0x00000043       0x44 ./Core/Src/stm32f1xx_hal_msp.o
 .comment       0x00000043       0x44 ./Core/Src/stm32f1xx_it.o
 .comment       0x00000043       0x44 ./Core/Src/system_stm32f1xx.o
 .comment       0x00000043       0x44 ./Core/Src/tim.o
 .comment       0x00000043       0x44 ./Drivers/STM32F1xx_HAL_Driver/Src/stm32f1xx_hal.o
 .comment       0x00000043       0x44 ./Drivers/STM32F1xx_HAL_Driver/Src/stm32f1xx_hal_adc.o
 .comment       0x00000043       0x44 ./Drivers/STM32F1xx_HAL_Driver/Src/stm32f1xx_hal_cortex.o
 .comment       0x00000043       0x44 ./Drivers/STM32F1xx_HAL_Driver/Src/stm32f1xx_hal_gpio.o
 .comment       0x00000043       0x44 ./Drivers/STM32F1xx_HAL_Driver/Src/stm32f1xx_hal_rcc.o
 .comment       0x00000043       0x44 ./Drivers/STM32F1xx_HAL_Driver/Src/stm32f1xx_hal_rcc_ex.o
 .comment       0x00000043       0x44 ./Drivers/STM32F1xx_HAL_Driver/Src/stm32f1xx_hal_tim.o
 .comment       0x00000043       0x44 ./Drivers/STM32F1xx_HAL_Driver/Src/stm32f1xx_hal_tim_ex.o

.debug_frame    0x00000000     0x2d64
 .debug_frame   0x00000000       0x7c ./Core/Src/adc.o
 .debug_frame   0x0000007c       0x34 ./Core/Src/gpio.o
 .debug_frame   0x000000b0       0x78 ./Core/Src/ky040.o
 .debug_frame   0x00000128       0x80 ./Core/Src/ldr.o
 .debug_frame   0x000001a8       0x6c ./Core/Src/main.o
 .debug_frame   0x00000214       0x54 ./Core/Src/mosfet.o
 .debug_frame   0x00000268       0x64 ./Core/Src/pir.o
 .debug_frame   0x000002cc       0x68 ./Core/Src/sound.o
 .debug_frame   0x00000334       0x38 ./Core/Src/stm32f1xx_hal_msp.o
 .debug_frame   0x0000036c      0x104 ./Core/Src/stm32f1xx_it.o
 .debug_frame   0x00000470       0x58 ./Core/Src/system_stm32f1xx.o
 .debug_frame   0x000004c8      0x114 ./Core/Src/tim.o
 .debug_frame   0x000005dc      0x334 ./Drivers/STM32F1xx_HAL_Driver/Src/stm32f1xx_hal.o
 .debug_frame   0x00000910      0x40c ./Drivers/STM32F1xx_HAL_Driver/Src/stm32f1xx_hal_adc.o
 .debug_frame   0x00000d1c      0x428 ./Drivers/STM32F1xx_HAL_Driver/Src/stm32f1xx_hal_cortex.o
 .debug_frame   0x00001144      0x14c ./Drivers/STM32F1xx_HAL_Driver/Src/stm32f1xx_hal_gpio.o
 .debug_frame   0x00001290      0x218 ./Drivers/STM32F1xx_HAL_Driver/Src/stm32f1xx_hal_rcc.o
 .debug_frame   0x000014a8       0x80 ./Drivers/STM32F1xx_HAL_Driver/Src/stm32f1xx_hal_rcc_ex.o
 .debug_frame   0x00001528     0x11b8 ./Drivers/STM32F1xx_HAL_Driver/Src/stm32f1xx_hal_tim.o
 .debug_frame   0x000026e0      0x638 ./Drivers/STM32F1xx_HAL_Driver/Src/stm32f1xx_hal_tim_ex.o
 .debug_frame   0x00002d18       0x20 D:/STMicroelectronics/STM32Cube/STM32CubeIDE_1.19.0/STM32CubeIDE/plugins/com.st.stm32cube.ide.mcu.externaltools.gnu-tools-for-stm32.13.3.rel1.win32_1.0.0.202411081344/tools/bin/../lib/gcc/arm-none-eabi/13.3.1/../../../../arm-none-eabi/lib/thumb/v7-m/nofp\libc_nano.a(libc_a-memset.o)
 .debug_frame   0x00002d38       0x2c D:/STMicroelectronics/STM32Cube/STM32CubeIDE_1.19.0/STM32CubeIDE/plugins/com.st.stm32cube.ide.mcu.externaltools.gnu-tools-for-stm32.13.3.rel1.win32_1.0.0.202411081344/tools/bin/../lib/gcc/arm-none-eabi/13.3.1/../../../../arm-none-eabi/lib/thumb/v7-m/nofp\libc_nano.a(libc_a-init.o)

.debug_line_str
                0x00000000       0x49
 .debug_line_str
                0x00000000       0x49 ./Core/Startup/startup_stm32f103c8tx.o
